// Jest Snapshot v1, https://goo.gl/fbAQLP

exports[`should render RangeItem correctly 1`] = `
<div
  className="col-sm-6 col-md-3 col-lg-3 web"
>
  <div
    className="range-item"
  >
    <div
      className="hover-bg text-center"
    >
      <div
        className="hover-text"
      >
        <h4>
          test-title
        </h4>
      </div>
      <img
        alt="test-name"
        className="img-thumbnail"
        src="test-img"
      />
    </div>
  </div>
</div>
`;
