// Jest Snapshot v1, https://goo.gl/fbAQLP

exports[`should render MenuMain correctly 1`] = `
<div
  className="affix-top"
  id="nav"
>
  <Navbar
    className="navbar-custom"
    collapseOnSelect={true}
    expand="md"
    expanded={false}
    onToggle={[Function]}
    variant="light"
  >
    <NavbarBrand
      href="#header"
    >
      cook-with-love-author-name
    </NavbarBrand>
    <NavbarToggle
      aria-controls="basic-navbar-nav"
      className="navbar-dark"
      label="Toggle navigation"
    />
    <NavbarCollapse
      id="basic-navbar-nav"
      role="button"
    >
      <Nav
        activeKey=""
        className="mr-auto"
        fill={false}
        justify={false}
      >
        <MenuItem
          name="range"
          setActiveNavLink={[Function]}
        />
        <MenuItem
          name="contact"
          setActiveNavLink={[Function]}
        />
      </Nav>
      <Nav
        fill={false}
        justify={false}
      >
        <Connect(LocaleDropDown) />
      </Nav>
    </NavbarCollapse>
  </Navbar>
</div>
`;
