// Jest Snapshot v1, https://goo.gl/fbAQLP

exports[`should render MenuMain correctly 1`] = `
<div
  className="affix-top"
  id="nav"
>
  <Navbar
    className="navbar-custom"
    collapseOnSelect={true}
    expand="md"
    expanded={false}
    onToggle={[Function]}
  >
    <NavbarBrand
      className="ms-2"
      href="#header"
    >
      cook-with-love-author-name
    </NavbarBrand>
    <NavbarToggle
      aria-controls="basic-navbar-nav"
      className="navbar-dark"
    />
    <NavbarCollapse
      id="basic-navbar-nav"
    >
      <Nav
        activeKey=""
      >
        <MenuItem
          name="range"
          setActiveNavLink={[Function]}
        />
        <MenuItem
          name="contact"
          setActiveNavLink={[Function]}
        />
      </Nav>
      <Nav
        className="me-2"
      >
        <Connect(LocaleDropDown) />
      </Nav>
    </NavbarCollapse>
  </Navbar>
</div>
`;
