// Jest Snapshot v1, https://goo.gl/fbAQLP

exports[`should render LanguageItem correctly 1`] = `
<div
  className="light-component"
  id="languages"
>
  <div
    className="section-title text-center center"
  >
    <h2>
      cook-with-love-languages-title
    </h2>
    <hr />
  </div>
  <div
    className="container"
  >
    <div
      className="row"
    >
      <div
        className="language-list col text-center"
      >
        <LanguageTextItem
          code="jp"
          text="JLPT N5"
        />
        <LanguageTextItem
          code="gb"
          text="cook-with-love-languages-basic"
        />
        <LanguageTextItem
          code="ru"
          text="cook-with-love-languages-native"
        />
        <LanguageTextItem
          code="ua"
          text="cook-with-love-languages-native"
        />
      </div>
    </div>
  </div>
</div>
`;
