// Jest Snapshot v1, https://goo.gl/fbAQLP

exports[`should render PortfolioMain correctly 1`] = `
<div
  id="portfolio"
>
  <div
    className="container"
  >
    <div
      className="section-title text-center center"
    >
      <h2>
        cook-with-love-portfolio-title
      </h2>
      <hr />
    </div>
    <div
      className="row"
    >
      <PortfolioItem
        img="test-file-stub"
        name="Markets"
        subtitle="cook-with-love-portfolio-markets-subtitle"
        title="cook-with-love-portfolio-markets-title"
        url="https://markets.bitcoin.com/"
      />
      <PortfolioItem
        img="test-file-stub"
        name="Games"
        subtitle="cook-with-love-portfolio-casino-web-app-subtitle"
        title="cook-with-love-portfolio-casino-web-app-title"
        url="https://games.bitcoin.com/"
      />
      <PortfolioItem
        img="test-file-stub"
        name="Games Admin"
        subtitle="cook-with-love-portfolio-casino-admin-web-app-subtitle"
        title="cook-with-love-portfolio-casino-admin-web-app-title"
        url="https://games.bitcoin.com/"
      />
      <PortfolioItem
        img="test-file-stub"
        name="Games Android"
        subtitle="cook-with-love-portfolio-casino-android-app-subtitle"
        title="cook-with-love-portfolio-casino-android-app-title"
        url="https://games.bitcoin.com/android"
      />
      <PortfolioItem
        img="test-file-stub"
        name="Earnin"
        subtitle="cook-with-love-portfolio-earnin-subtitle"
        title="cook-with-love-portfolio-earnin-title"
        url="https://www.earnin.com/"
      />
      <PortfolioItem
        img="test-file-stub"
        name="Prysm iPhone App"
        subtitle="cook-with-love-portfolio-prysm-subtitle"
        title="cook-with-love-portfolio-prysm-title"
        url="https://www.prysm.com/software/iphone-app/"
      />
      <PortfolioItem
        img="test-file-stub"
        name="Southern Marine Agency Website"
        subtitle="cook-with-love-portfolio-sma-subtitle"
        title="cook-with-love-portfolio-sma-title"
        url="https://drive.google.com/drive/folders/163jhUuVrBCEYQ503sa1Y1M7KG--1gwaj?usp=sharing"
      />
      <PortfolioItem
        img="test-file-stub"
        name="ALM Robot"
        subtitle="cook-with-love-portfolio-alm-robot-subtitle"
        title="cook-with-love-portfolio-alm-robot-title"
        url="https://admhelp.microfocus.com/alm/en/12.60/online_help/Content/Admin/sa_robot_toc.htm"
      />
      <PortfolioItem
        img="test-file-stub"
        name="ALM"
        subtitle="cook-with-love-portfolio-alm-subtitle"
        title="cook-with-love-portfolio-alm-title"
        url="https://www.microfocus.com/en-us/products/application-lifecycle-management/overview"
      />
      <PortfolioItem
        img="test-file-stub"
        name="Lab Management"
        subtitle="cook-with-love-portfolio-alm-lab-management-subtitle"
        title="cook-with-love-portfolio-alm-lab-management-title"
        url="https://admhelp.microfocus.com/alm/en/12.60/online_help/Content/lm_ag.htm"
      />
      <PortfolioItem
        img="test-file-stub"
        name="Invebstor"
        subtitle="cook-with-love-portfolio-invebstor-subtitle"
        title="cook-with-love-portfolio-invebstor-title"
        url="https://youtu.be/8wTcyZEtQx8"
      />
      <PortfolioItem
        img="test-file-stub"
        name="Work+"
        subtitle="cook-with-love-portfolio-work-plus-subtitle"
        title="cook-with-love-portfolio-work-plus-title"
        url="https://youtu.be/eRxTKZ0knsg"
      />
      <PortfolioItem
        img="test-file-stub"
        name="ARKA Website"
        subtitle="cook-with-love-portfolio-arka-subtitle"
        title="cook-with-love-portfolio-arka-title"
        url="https://www.arka-media.de/"
      />
      <PortfolioItem
        img="test-file-stub"
        name="Deutsche Lieferadresse Website"
        subtitle="cook-with-love-portfolio-deutsche-lieferadresse-subtitle"
        title="cook-with-love-portfolio-deutsche-lieferadresse-title"
        url="https://www.deutsche-lieferadresse.com/"
      />
      <PortfolioItem
        img="test-file-stub"
        name="Medisport Website"
        subtitle="cook-with-love-portfolio-medisport-subtitle"
        title="cook-with-love-portfolio-medisport-title"
        url="http://medisport-garmisch.de/"
      />
      <PortfolioItem
        img="test-file-stub"
        name="Print & Post Website"
        subtitle="cook-with-love-portfolio-print-and-post-subtitle"
        title="cook-with-love-portfolio-print-and-post-title"
        url="#portfolio"
      />
      <PortfolioItem
        img="test-file-stub"
        name="Zakupki Website"
        subtitle="cook-with-love-portfolio-zakupki-subtitle"
        title="cook-with-love-portfolio-zakupki-title"
        url="https://zakupki-de.com.ua/"
      />
    </div>
  </div>
</div>
`;
